// Jest Snapshot v1, https://goo.gl/fbAQLP

exports[`renders when the list is empty: artist-list-empty 1`] = `<ul />`;

exports[`renders when the list is populated: artist-list-populated 1`] = `
<ul>
  <li>
    <a
      onClick={[Function]}
    >
      Toro y Moi
    </a>
  </li>
  <li>
    <a
      onClick={[Function]}
    >
      Toronto Symphony Orchestra
    </a>
  </li>
  <li>
    <a
      onClick={[Function]}
    >
      Toronto Chamber Orchestra
    </a>
  </li>
  <li>
    <a
      onClick={[Function]}
    >
      Toronto 7s
    </a>
  </li>
</ul>
`;
